// Jest Snapshot v1, https://jestjs.io/docs/snapshot-testing

exports[`RemoveButton renders RemoveButton unchanged 1`] = `
<div>
  <div>
    <button
      aria-label="Remove, Cyberpunk 2077"
      class="p-1"
      type="button"
    >
      <svg
        aria-hidden="true"
        class="size-5 text-[#8F8F8F]"
        fill="currentColor"
        height="1em"
        stroke="currentColor"
        stroke-width="0"
        viewBox="0 0 20 20"
        width="1em"
        xmlns="http://www.w3.org/2000/svg"
      >
        <path
          clip-rule="evenodd"
          d="M4.293 4.293a1 1 0 011.414 0L10 8.586l4.293-4.293a1 1 0 111.414 1.414L11.414 10l4.293 4.293a1 1 0 01-1.414 1.414L10 11.414l-4.293 4.293a1 1 0 01-1.414-1.414L8.586 10 4.293 5.707a1 1 0 010-1.414z"
          fill-rule="evenodd"
        />
      </svg>
    </button>
  </div>
</div>
`;
